MCS-51 MACRO ASSEMBLER    PG7                                                                       11/27/:4   PAGE    1


DOS 7.10 (038-N) MCS-51 MACRO ASSEMBLER, V2.2
OBJECT MODULE PLACED IN PG7.OBJ
ASSEMBLER INVOKED BY:  E:\BACKUP\STUDENTS\BATCH21\ASM51.EXE PG7.A51
                       

LOC  OBJ            LINE     SOURCE

                       1     ;*******************************PROGRAM OBJECTIVE******************************
                       2     ;DISPLAY 16 BIT HEXADECIMAL NUMBER ON THE 4 DIGIT 7 SEGMENT WITH INCREASING
                       3     ;SPEED OF 20 COUNTS PER SECOND USING TIMER0
                       4     
0000                   5     org 000h
0000 020030            6         jmp main
000B                   7     org 00Bh
000B 02005B            8         jmp ref_display
0030                   9     org 030h
                      10     main:
0030 900400           11         mov dptr,#400h
0033 758901           12         mov TMOD,#01h
0036 758A3C           13         mov TL0,#low(-2500)
0039 758CF6           14         mov TH0,#high(-2500)
003C D28C             15         setb TR0
003E D2AF             16         setb EA
0040 D2A9             17         setb ET0
0042 75303F           18         mov 30h,#3Fh
0045 75313F           19         mov 31h,#3Fh
0048 75323F           20         mov 32h,#3Fh
004B 75333F           21         mov 33h,#3Fh
                      22     
                      23     again:
004E 0E               24         inc r6
004F BE0001           25         cjne r6,#00h,skip
0052 0F               26         inc r7
                      27     skip:
0053 120090           28         call update_codes
0056 1200AB           29         call delay
0059 80F3             30         jmp again
                      31     
                      32     ref_display:
005B 30A40A           33         jnb p2.4,chk_dig2
005E C2A4             34         clr p2.4
0060 D2A5             35         setb p2.5
0062 853180           36         mov p0,31h
0065 020089           37         jmp exit
                      38     chk_dig2:
0068 30A50A           39         jnb p2.5,chk_dig3
006B C2A5             40         clr p2.5
006D D2A6             41         setb p2.6
006F 853280           42         mov p0,32h
0072 020089           43         jmp exit
                      44     chk_dig3:
0075 30A60A           45         jnb p2.6,chk_dig4
0078 C2A6             46         clr p2.6
007A D2A7             47         setb p2.7
007C 853380           48         mov p0,33h
007F 020089           49         jmp exit
                      50     chk_dig4:
MCS-51 MACRO ASSEMBLER    PG7                                                                       11/27/:4   PAGE    2


LOC  OBJ            LINE     SOURCE

0082 C2A7             51         clr p2.7
0084 D2A4             52         setb p2.4
0086 853080           53         mov p0,30h
                      54     exit:
0089 758A3C           55     mov TL0,#low(-2500)
008C 758CF6           56     mov TH0,#high(-2500)
008F 32               57         RETI
                      58     
                      59     update_codes:
0090 EE               60         mov A,r6
0091 540F             61         anl A,#0Fh
0093 93               62         movc A,@A+DPTR
0094 F530             63         mov 30h,A
0096 EE               64         mov A,r6
0097 54F0             65         anl A,#0F0h
0099 C4               66         swap A
009A 93               67         movc A,@A+DPTR
009B F531             68         mov 31h,A
009D EF               69         mov A,r7
009E 540F             70         anl A,#0Fh
00A0 93               71         movc A,@A+DPTR
00A1 F532             72         mov 32h,A
00A3 EF               73         mov A,r7
00A4 54F0             74         anl A,#0F0h
00A6 C4               75         swap A
00A7 93               76         movc A,@A+DPTR
00A8 F533             77         mov 33h,A
00AA 22               78     ret
                      79     
                      80     delay:
00AB 7864             81         mov r0,#100
                      82     x:
00AD 79FA             83         mov r1,#250
00AF D9FE             84         djnz r1,$
00B1 D8FA             85         djnz r0,x
00B3 22               86     ret
                      87     
0400                  88     org 400h
0400 3F               89     seg_data: db 3Fh,06h,5Bh,4Fh,66h,6Dh,7Dh,07h,7Fh,6Fh,77h,7Ch,39h,5Eh,79h,71h
0401 06
0402 5B
0403 4F
0404 66
0405 6D
0406 7D
0407 07
0408 7F
0409 6F
040A 77
040B 7C
040C 39
040D 5E
040E 79
040F 71
                      90     end
MCS-51 MACRO ASSEMBLER    PG7                                                                       11/27/:4   PAGE    3


LOC  OBJ            LINE     SOURCE

MCS-51 MACRO ASSEMBLER    PG7                                                                       11/27/:4   PAGE    4


SYMBOL TABLE LISTING
------ ----- -------


N A M E       T Y P E   V A L U E       A T T R I B U T E S

AGAIN. . . .  C ADDR    004EH   A       
CHK_DIG2 . .  C ADDR    0068H   A       
CHK_DIG3 . .  C ADDR    0075H   A       
CHK_DIG4 . .  C ADDR    0082H   A       
DELAY. . . .  C ADDR    00ABH   A       
EA . . . . .  B ADDR    00A8H.7 A       
ET0. . . . .  B ADDR    00A8H.1 A       
EXIT . . . .  C ADDR    0089H   A       
MAIN . . . .  C ADDR    0030H   A       
P0 . . . . .  D ADDR    0080H   A       
P2 . . . . .  D ADDR    00A0H   A       
REF_DISPLAY.  C ADDR    005BH   A       
SEG_DATA . .  C ADDR    0400H   A       
SKIP . . . .  C ADDR    0053H   A       
TH0. . . . .  D ADDR    008CH   A       
TL0. . . . .  D ADDR    008AH   A       
TMOD . . . .  D ADDR    0089H   A       
TR0. . . . .  B ADDR    0088H.4 A       
UPDATE_CODES  C ADDR    0090H   A       
X. . . . . .  C ADDR    00ADH   A       


REGISTER BANK(S) USED: 0

ASSEMBLY COMPLETE, NO ERRORS FOUND
